// Jest Snapshot v1, https://goo.gl/fbAQLP

exports[`<BeaconMarker /> renders marker when beacon has location 1`] = `
<DocumentFragment>
  <span>
    <div
      class="mx_Marker mx_Username_color8"
      id="!room:server_@alice:server"
    >
      <div
        class="mx_Marker_border"
      >
        <span
          class="_avatar_1o69u_17 mx_BaseAvatar _avatar-imageless_1o69u_60"
          data-color="8"
          data-testid="avatar-img"
          data-type="round"
          role="presentation"
          style="--cpd-avatar-size: 36px;"
          title="@alice:server"
        >
          a
        </span>
      </div>
    </div>
  </span>
</DocumentFragment>
`;
