// Jest Snapshot v1, https://goo.gl/fbAQLP

exports[`<SettingsTab /> renders tab 1`] = `
<div>
  <div
    class="mx_SettingsTab"
  >
    <h2
      class="mx_Heading_h2"
    >
      Test Tab
    </h2>
    <div
      class="mx_SettingsTab_sections"
    >
      <div>
        test
      </div>
    </div>
  </div>
</div>
`;
