// Jest Snapshot v1, https://goo.gl/fbAQLP

exports[`<PollHistoryDialog /> renders a list of active polls when there are polls in the room 1`] = `
<div>
  <div
    data-focus-guard="true"
    style="width: 1px; height: 0px; padding: 0px; overflow: hidden; position: fixed; top: 1px; left: 1px;"
    tabindex="0"
  />
  <div
    aria-labelledby="mx_BaseDialog_title"
    class="undefined mx_Dialog_fixedWidth"
    data-focus-lock-disabled="false"
    role="dialog"
  >
    <div
      class="mx_Dialog_header mx_Dialog_headerWithCancel"
    >
      <h2
        class="mx_Heading_h2 mx_Dialog_title"
        id="mx_BaseDialog_title"
      >
        Polls history
      </h2>
      <div
        aria-label="Close dialog"
        class="mx_AccessibleButton mx_Dialog_cancelButton"
        role="button"
        tabindex="0"
      />
    </div>
    <div
      class="mx_PollHistoryDialog_content"
    >
      <div
        class="mx_PollHistoryList"
      >
        <fieldset
          class="mx_FilterTabGroup"
        >
          <label
            data-testid="filter-tab-PollHistoryDialog_filter-ACTIVE"
          >
            <input
              checked=""
              name="PollHistoryDialog_filter"
              type="radio"
              value="ACTIVE"
            />
            <span>
              Active polls
            </span>
          </label>
          <label
            data-testid="filter-tab-PollHistoryDialog_filter-ENDED"
          >
            <input
              name="PollHistoryDialog_filter"
              type="radio"
              value="ENDED"
            />
            <span>
              Past polls
            </span>
          </label>
        </fieldset>
        <ol
          class="mx_PollHistoryList_list mx_PollHistoryList_list_ACTIVE"
        >
          <li
            class="mx_PollListItem"
            data-testid="pollListItem-$2"
          >
            <span>
              02/02/23
            </span>
            <div
              class="mx_PollListItem_icon"
            />
            <span
              class="mx_PollListItem_question"
            >
              Where?
            </span>
          </li>
          <li
            class="mx_PollListItem"
            data-testid="pollListItem-$1"
          >
            <span>
              02/02/23
            </span>
            <div
              class="mx_PollListItem_icon"
            />
            <span
              class="mx_PollListItem_question"
            >
              Question?
            </span>
          </li>
        </ol>
      </div>
    </div>
  </div>
  <div
    data-focus-guard="true"
    style="width: 1px; height: 0px; padding: 0px; overflow: hidden; position: fixed; top: 1px; left: 1px;"
    tabindex="0"
  />
</div>
`;
