// Jest Snapshot v1, https://goo.gl/fbAQLP

exports[`FavouriteMessagesView when favourite_messages feature is enabled renders <FavouriteMessagesView /> correctly 1`] = `"<div class=\\"mx_FavMessagesHeader\\"><div class=\\"mx_FavMessagesHeader_Wrapper\\"><div class=\\"mx_FavMessagesHeader_Wrapper--left\\"><span class=\\"mx_BaseAvatar\\" role=\\"presentation\\"><span class=\\"mx_BaseAvatar_initial\\" aria-hidden=\\"true\\" style=\\"font-size: 16.900000000000002px; width: 26px; line-height: 26px;\\">F</span><img class=\\"mx_BaseAvatar_image\\" src=\\"data:image/png;base64,00\\" alt=\\"\\" style=\\"width: 26px; height: 26px;\\" aria-hidden=\\"true\\"></span><span>Favourite Messages</span></div><div class=\\"mx_FavMessagesHeader_Wrapper--right\\"><div aria-label=\\"Search\\" role=\\"button\\" tabindex=\\"0\\" class=\\"mx_AccessibleButton mx_RoomHeader_button mx_RoomHeader_searchButton\\"></div><div aria-label=\\"Reorder\\" role=\\"button\\" tabindex=\\"0\\" class=\\"mx_AccessibleButton mx_RoomHeader_button mx_FavMessagesHeader_sortButton\\"></div><div aria-label=\\"Clear\\" role=\\"button\\" tabindex=\\"0\\" class=\\"mx_AccessibleButton mx_RoomHeader_button mx_FavMessagesHeader_clearAllButton\\"></div></div></div></div><div class=\\"mx_AutoHideScrollbar mx_ScrollPanel mx_RoomView_searchResultsPanel mx_FavouriteMessages_scrollPanel\\" tabindex=\\"-1\\"><div class=\\"mx_RoomView_messageListWrapper\\"><ol class=\\"mx_RoomView_MessageList\\" aria-live=\\"polite\\" style=\\"height: 400px;\\"><div class=\\"mx_Spinner\\"><div class=\\"mx_Spinner_icon\\" style=\\"width: 32px; height: 32px;\\" aria-label=\\"Loading...\\" role=\\"progressbar\\"></div></div></ol></div></div>"`;
