// Jest Snapshot v1, https://goo.gl/fbAQLP

exports[`startNewVoiceBroadcastRecording when the current user is allowed to send voice broadcast info state events when there already is a live broadcast of another user should show an info dialog 1`] = `
[MockFunction] {
  "calls": [
    [
      [Function],
      {
        "description": <p>
          Someone else is already recording a voice broadcast. Wait for their voice broadcast to end to start a new one.
        </p>,
        "hasCloseButton": true,
        "title": "Can't start a new voice broadcast",
      },
    ],
  ],
  "results": [
    {
      "type": "return",
      "value": undefined,
    },
  ],
}
`;

exports[`startNewVoiceBroadcastRecording when the current user is allowed to send voice broadcast info state events when there already is a live broadcast of the current user in the room should show an info dialog 1`] = `
[MockFunction] {
  "calls": [
    [
      [Function],
      {
        "description": <p>
          You are already recording a voice broadcast. Please end your current voice broadcast to start a new one.
        </p>,
        "hasCloseButton": true,
        "title": "Can't start a new voice broadcast",
      },
    ],
  ],
  "results": [
    {
      "type": "return",
      "value": undefined,
    },
  ],
}
`;

exports[`startNewVoiceBroadcastRecording when the current user is allowed to send voice broadcast info state events when there is already a current voice broadcast should show an info dialog 1`] = `
[MockFunction] {
  "calls": [
    [
      [Function],
      {
        "description": <p>
          You are already recording a voice broadcast. Please end your current voice broadcast to start a new one.
        </p>,
        "hasCloseButton": true,
        "title": "Can't start a new voice broadcast",
      },
    ],
  ],
  "results": [
    {
      "type": "return",
      "value": undefined,
    },
  ],
}
`;

exports[`startNewVoiceBroadcastRecording when the current user is not allowed to send voice broadcast info state events should show an info dialog 1`] = `
[MockFunction] {
  "calls": [
    [
      [Function],
      {
        "description": <p>
          You don't have the required permissions to start a voice broadcast in this room. Contact a room administrator to upgrade your permissions.
        </p>,
        "hasCloseButton": true,
        "title": "Can't start a new voice broadcast",
      },
    ],
  ],
  "results": [
    {
      "type": "return",
      "value": undefined,
    },
  ],
}
`;
